This is pdfTeX, Version 3.141592653-2.6-1.40.29 (MiKTeX 26.5) (preloaded format=pdflatex 2026.6.23)  26 JUN 2026 16:05
entering extended mode
 restricted \write18 enabled.
 file:line:error style messages enabled.
 %&-line parsing enabled.
**e:/Shafnan/Codes/2-2/Latex/DemoTry/formatting.tex
(e:/Shafnan/Codes/2-2/Latex/DemoTry/formatting.tex
LaTeX2e <2026-06-01>
L3 programming layer <2026-05-26>
(F:\MiKTex\tex/latex/base\article.cls
Document Class: article 2025/01/22 v1.4n Standard LaTeX document class
(F:\MiKTex\tex/latex/base\size10.clo
File: size10.clo 2025/01/22 v1.4n Standard LaTeX file (size option)
)
\c@part=\count276
\c@section=\count277
\c@subsection=\count278
\c@subsubsection=\count279
\c@paragraph=\count280
\c@subparagraph=\count281
\c@figure=\count282
\c@table=\count283
\abovecaptionskip=\skip49
\belowcaptionskip=\skip50
\bibindent=\dimen150
) (F:\MiKTex\tex/latex/l3backend\l3backend-pdftex.def
File: l3backend-pdftex.def 2026-02-18 L3 backend support: PDF output (pdfTeX)
\l__color_backend_stack_int=\count284
) (formatting.aux)
\openout1 = `formatting.aux'.

LaTeX Font Info:    Checking defaults for OML/cmm/m/it on input line 3.
LaTeX Font Info:    ... okay on input line 3.
LaTeX Font Info:    Checking defaults for OMS/cmsy/m/n on input line 3.
LaTeX Font Info:    ... okay on input line 3.
LaTeX Font Info:    Checking defaults for OT1/cmr/m/n on input line 3.
LaTeX Font Info:    ... okay on input line 3.
LaTeX Font Info:    Checking defaults for T1/cmr/m/n on input line 3.
LaTeX Font Info:    ... okay on input line 3.
LaTeX Font Info:    Checking defaults for TS1/cmr/m/n on input line 3.
LaTeX Font Info:    ... okay on input line 3.
LaTeX Font Info:    Checking defaults for OMX/cmex/m/n on input line 3.
LaTeX Font Info:    ... okay on input line 3.
LaTeX Font Info:    Checking defaults for U/cmr/m/n on input line 3.
LaTeX Font Info:    ... okay on input line 3.
LaTeX Font Info:    External font `cmex10' loaded for size
(Font)              <7> on input line 10.
LaTeX Font Info:    External font `cmex10' loaded for size
(Font)              <5> on input line 10.

Overfull \hbox (9.28687pt too wide) in paragraph at lines 9--11
\OT1/cmr/m/n/10 This sen-tence con-tains \OT1/cmr/bx/n/10 bold text\OT1/cmr/m/n/10 , \OT1/cmr/m/it/10 italic text\OT1/cmr/m/n/10 , \OT1/cmr/m/it/10 em-pha-sized text\OT1/cmr/m/n/10 , and $[]$. 
 []

[1

{C:/Users/User/AppData/Local/MiKTeX/fonts/map/pdftex/pdftex.map}] (formatting.aux)
 ***********
LaTeX2e <2026-06-01>
L3 programming layer <2026-05-26>
 ***********
 ) 
Here is how much of TeX's memory you used:
 452 strings out of 467509
 8314 string characters out of 5425688
 439365 words of memory out of 5000000
 29763 multiletter control sequences out of 15000+600000
 631439 words of font info for 52 fonts, out of 8000000 for 9000
 1141 hyphenation exceptions out of 8191
 35i,5n,38p,201b,126s stack positions out of 10000i,1000n,20000p,200000b,200000s
<F:/MiKTex/fonts/type1/public/amsfonts/cm/cmbx10.pfb><F:/MiKTex/fonts/type1/public/amsfonts/cm/cmbx12.pfb><F:/MiKTex/fonts/type1/public/amsfonts/cm/cmbxti10.pfb><F:/MiKTex/fonts/type1/public/amsfonts/cm/cmr10.pfb><F:/MiKTex/fonts/type1/public/amsfonts/cm/cmr12.pfb><F:/MiKTex/fonts/type1/public/amsfonts/cm/cmr17.pfb><F:/MiKTex/fonts/type1/public/amsfonts/cm/cmr5.pfb><F:/MiKTex/fonts/type1/public/amsfonts/cm/cmr7.pfb><F:/MiKTex/fonts/type1/public/amsfonts/cm/cmr8.pfb><F:/MiKTex/fonts/type1/public/amsfonts/cm/cmr9.pfb><F:/MiKTex/fonts/type1/public/amsfonts/cm/cmti10.pfb>
Output written on formatting.pdf (1 page, 140097 bytes).
PDF statistics:
 61 PDF objects out of 1000 (max. 8388607)
 0 named destinations out of 1000 (max. 500000)
 1 words of extra memory for PDF output out of 10000 (max. 10000000)

