This is pdfTeX, Version 3.141592653-2.6-1.40.29 (MiKTeX 26.5) (preloaded format=pdflatex 2026.6.23)  24 JUN 2026 20:51
entering extended mode
 restricted \write18 enabled.
 file:line:error style messages enabled.
 %&-line parsing enabled.
**e:/Shafnan/Codes/2-2/Latex/DemoTry/subfigures.tex
(e:/Shafnan/Codes/2-2/Latex/DemoTry/subfigures.tex
LaTeX2e <2026-06-01>
L3 programming layer <2026-05-26>
(F:\MiKTex\tex/latex/base\article.cls
Document Class: article 2025/01/22 v1.4n Standard LaTeX document class
(F:\MiKTex\tex/latex/base\size10.clo
File: size10.clo 2025/01/22 v1.4n Standard LaTeX file (size option)
)
\c@part=\count276
\c@section=\count277
\c@subsection=\count278
\c@subsubsection=\count279
\c@paragraph=\count280
\c@subparagraph=\count281
\c@figure=\count282
\c@table=\count283
\abovecaptionskip=\skip49
\belowcaptionskip=\skip50
\bibindent=\dimen150
) (F:\MiKTex\tex/latex/graphics\graphicx.sty
Package: graphicx 2026-05-17 v1.2e Enhanced LaTeX Graphics (DPC,SPQR)
 (F:\MiKTex\tex/latex/graphics\keyval.sty
Package: keyval 2026-05-17 v1.15 key=value parser (DPC)
\KV@toks@=\toks17
) (F:\MiKTex\tex/latex/graphics\graphics.sty
Package: graphics 2026-05-17 v1.4h Standard LaTeX Graphics (DPC,SPQR)
 (F:\MiKTex\tex/latex/graphics\trig.sty
Package: trig 2023/12/02 v1.11 sin cos tan (DPC)
) (F:\MiKTex\tex/latex/graphics-cfg\graphics.cfg
File: graphics.cfg 2016/06/04 v1.11 sample graphics configuration
)
Package graphics Info: Driver file: pdftex.def on input line 106.
 (F:\MiKTex\tex/latex/graphics-def\pdftex.def
File: pdftex.def 2025/09/29 v1.2d Graphics/color driver for pdftex
))
\Gin@req@height=\dimen151
\Gin@req@width=\dimen152
) (F:\MiKTex\tex/latex/caption\subcaption.sty
Package: subcaption 2023/07/28 v1.6b Sub-captions (AR)
 (F:\MiKTex\tex/latex/caption\caption.sty
Package: caption 2023/08/05 v3.6o Customizing captions (AR)
 (F:\MiKTex\tex/latex/caption\caption3.sty
Package: caption3 2023/07/31 v2.4d caption3 kernel (AR)
\caption@tempdima=\dimen153
\captionmargin=\dimen154
\caption@leftmargin=\dimen155
\caption@rightmargin=\dimen156
\caption@width=\dimen157
\caption@indent=\dimen158
\caption@parindent=\dimen159
\caption@hangindent=\dimen160
Package caption Info: Standard document class detected.
)
\c@caption@flags=\count284
\c@continuedfloat=\count285
)
Package caption Info: New subtype `subfigure' on input line 238.
\c@subfigure=\count286
Package caption Info: New subtype `subtable' on input line 238.
\c@subtable=\count287
) (F:\MiKTex\tex/latex/l3backend\l3backend-pdftex.def
File: l3backend-pdftex.def 2026-02-18 L3 backend support: PDF output (pdfTeX)
\l__color_backend_stack_int=\count288
) (subfigures.aux)
\openout1 = `subfigures.aux'.

LaTeX Font Info:    Checking defaults for OML/cmm/m/it on input line 8.
LaTeX Font Info:    ... okay on input line 8.
LaTeX Font Info:    Checking defaults for OMS/cmsy/m/n on input line 8.
LaTeX Font Info:    ... okay on input line 8.
LaTeX Font Info:    Checking defaults for OT1/cmr/m/n on input line 8.
LaTeX Font Info:    ... okay on input line 8.
LaTeX Font Info:    Checking defaults for T1/cmr/m/n on input line 8.
LaTeX Font Info:    ... okay on input line 8.
LaTeX Font Info:    Checking defaults for TS1/cmr/m/n on input line 8.
LaTeX Font Info:    ... okay on input line 8.
LaTeX Font Info:    Checking defaults for OMX/cmex/m/n on input line 8.
LaTeX Font Info:    ... okay on input line 8.
LaTeX Font Info:    Checking defaults for U/cmr/m/n on input line 8.
LaTeX Font Info:    ... okay on input line 8.
 (F:\MiKTex\tex/context/base/mkii\supp-pdf.mkii
[Loading MPS to PDF converter (version 2006.09.02).]
\scratchcounter=\count289
\scratchdimen=\dimen161
\scratchbox=\box53
\nofMPsegments=\count290
\nofMParguments=\count291
\everyMPshowfont=\toks18
\MPscratchCnt=\count292
\MPscratchDim=\dimen162
\MPnumerator=\count293
\makeMPintoPDFobject=\count294
\everyMPtoPDFconversion=\toks19
) (F:\MiKTex\tex/latex/epstopdf-pkg\epstopdf-base.sty
Package: epstopdf-base 2020-01-24 v2.11 Base part for package epstopdf
Package epstopdf-base Info: Redefining graphics rule for `.eps' on input line 485.
 (F:\MiKTex\tex/latex/00miktex\epstopdf-sys.cfg
File: epstopdf-sys.cfg 2021/03/18 v2.0 Configuration of epstopdf for MiKTeX
))
Package caption Info: Begin \AtBeginDocument code.
Package caption Info: End \AtBeginDocument code.
<outputA.png, id=1, 1541.76pt x 1156.32pt>
File: outputA.png Graphic file (type png)
<use outputA.png>
Package pdftex.def Info: outputA.png  used on input line 14.
(pdftex.def)             Requested size: 103.50105pt x 77.61595pt.
<outputB.png, id=2, 1541.76pt x 1156.32pt>
File: outputB.png Graphic file (type png)
<use outputB.png>
Package pdftex.def Info: outputB.png  used on input line 21.
(pdftex.def)             Requested size: 103.50105pt x 77.61595pt.
<outputC.png, id=3, 1541.76pt x 1156.32pt>
File: outputC.png Graphic file (type png)
<use outputC.png>
Package pdftex.def Info: outputC.png  used on input line 28.
(pdftex.def)             Requested size: 103.50105pt x 77.61595pt.
File: outputA.png Graphic file (type png)
<use outputA.png>
Package pdftex.def Info: outputA.png  used on input line 42.
(pdftex.def)             Requested size: 172.5pt x 129.3658pt.
File: outputB.png Graphic file (type png)
<use outputB.png>
Package pdftex.def Info: outputB.png  used on input line 51.
(pdftex.def)             Requested size: 137.9979pt x 103.48206pt.
File: outputC.png Graphic file (type png)
<use outputC.png>
Package pdftex.def Info: outputC.png  used on input line 58.
(pdftex.def)             Requested size: 137.9979pt x 103.48206pt.


LaTeX Warning: `h' float specifier changed to `ht'.

[1

{C:/Users/User/AppData/Local/MiKTeX/fonts/map/pdftex/pdftex.map} <./outputA.png> <./outputB.png> <./outputC.png>] [2] (subfigures.aux)
 ***********
LaTeX2e <2026-06-01>
L3 programming layer <2026-05-26>
 ***********
 ) 
Here is how much of TeX's memory you used:
 2782 strings out of 467509
 48849 string characters out of 5425688
 456896 words of memory out of 5000000
 32057 multiletter control sequences out of 15000+600000
 628020 words of font info for 41 fonts, out of 8000000 for 9000
 1141 hyphenation exceptions out of 8191
 67i,8n,77p,321b,497s stack positions out of 10000i,1000n,20000p,200000b,200000s
<F:/MiKTex/fonts/type1/public/amsfonts/cm/cmr10.pfb><F:/MiKTex/fonts/type1/public/amsfonts/cm/cmr9.pfb>
Output written on subfigures.pdf (2 pages, 221662 bytes).
PDF statistics:
 22 PDF objects out of 1000 (max. 8388607)
 0 named destinations out of 1000 (max. 500000)
 16 words of extra memory for PDF output out of 10000 (max. 10000000)

